[    0.000000] Initializing cgroup subsys cpuset
[    0.000000] Initializing cgroup subsys cpu
[    0.000000] Initializing cgroup subsys cpuacct
[    0.000000] Linux version 4.4.0-193-generic (buildd@lgw01-amd64-024) (gcc version 5.4.0 20160609 (Ubuntu 5.4.0-6ubuntu1~16.04.12) ) #224-Ubuntu SMP Tue Oct 6 17:15:28 UTC 2020 (Ubuntu 4.4.0-193.224-generic 4.4.236)
[    0.000000] Command line: BOOT_IMAGE=/boot/vmlinuz-4.4.0-193-generic root=LABEL=cloudimg-rootfs ro console=tty1 console=ttyS0
[    0.000000] KERNEL supported cpus:
[    0.000000]   Intel GenuineIntel
[    0.000000]   AMD AuthenticAMD
[    0.000000]   Centaur CentaurHauls
[    0.000000] x86/fpu: xstate_offset[2]:  576, xstate_sizes[2]:  256
[    0.000000] x86/fpu: Supporting XSAVE feature 0x01: 'x87 floating point registers'
[    0.000000] x86/fpu: Supporting XSAVE feature 0x02: 'SSE registers'
[    0.000000] x86/fpu: Supporting XSAVE feature 0x04: 'AVX registers'
[    0.000000] x86/fpu: Enabled xstate features 0x7, context size is 832 bytes, using 'standard' format.
[    0.000000] e820: BIOS-provided physical RAM map:
[    0.000000] BIOS-e820: [mem 0x0000000000000000-0x000000000009fbff] usable
[    0.000000] BIOS-e820: [mem 0x000000000009fc00-0x000000000009ffff] reserved
[    0.000000] BIOS-e820: [mem 0x00000000000f0000-0x00000000000fffff] reserved
[    0.000000] BIOS-e820: [mem 0x0000000000100000-0x000000001ffeffff] usable
[    0.000000] BIOS-e820: [mem 0x000000001fff0000-0x000000001fffffff] ACPI data
[    0.000000] BIOS-e820: [mem 0x00000000fec00000-0x00000000fec00fff] reserved
[    0.000000] BIOS-e820: [mem 0x00000000fee00000-0x00000000fee00fff] reserved
[    0.000000] BIOS-e820: [mem 0x00000000fffc0000-0x00000000ffffffff] reserved
[    0.000000] NX (Execute Disable) protection: active
[    0.000000] SMBIOS 2.5 present.
[    0.000000] Hypervisor detected: KVM
[    0.000000] e820: last_pfn = 0x1fff0 max_arch_pfn = 0x400000000
[    0.000000] MTRR: Disabled
[    0.000000] x86/PAT: MTRRs disabled, skipping PAT initialization too.
[    0.000000] CPU MTRRs all blank - virtualized system.
[    0.000000] x86/PAT: Configuration [0-7]: WB  WT  UC- UC  WB  WT  UC- UC
[    0.000000] found SMP MP-table at [mem 0x0009fff0-0x0009ffff] mapped at [ffff88000009fff0]
[    0.000000] Scanning 1 areas for low memory corruption
[    0.000000] RAMDISK: [mem 0x1e8cc000-0x1f754fff]
[    0.000000] ACPI: Early table checksum verification disabled
[    0.000000] ACPI: RSDP 0x00000000000E0000 000024 (v02 VBOX  )
[    0.000000] ACPI: XSDT 0x000000001FFF0030 00003C (v01 VBOX   VBOXXSDT 00000001 ASL  00000061)
[    0.000000] ACPI: FACP 0x000000001FFF00F0 0000F4 (v04 VBOX   VBOXFACP 00000001 ASL  00000061)
[    0.000000] ACPI: DSDT 0x000000001FFF0470 002325 (v02 VBOX   VBOXBIOS 00000002 INTL 20190509)
[    0.000000] ACPI: FACS 0x000000001FFF0200 000040
[    0.000000] ACPI: FACS 0x000000001FFF0200 000040
[    0.000000] ACPI: APIC 0x000000001FFF0240 00005C (v02 VBOX   VBOXAPIC 00000001 ASL  00000061)
[    0.000000] ACPI: SSDT 0x000000001FFF02A0 0001CC (v01 VBOX   VBOXCPUT 00000002 INTL 20190509)
[    0.000000] No NUMA configuration found
[    0.000000] Faking a node at [mem 0x0000000000000000-0x000000001ffeffff]
[    0.000000] NODE_DATA(0) allocated [mem 0x1ffeb000-0x1ffeffff]
[    0.000000] kvm-clock: Using msrs 4b564d01 and 4b564d00
[    0.000000] kvm-clock: cpu 0, msr 0:1ffe3001, primary cpu clock
[    0.000000] kvm-clock: using sched offset of 3311990043 cycles
[    0.000000] clocksource: kvm-clock: mask: 0xffffffffffffffff max_cycles: 0x1cd42e4dffb, max_idle_ns: 881590591483 ns
[    0.000000] Zone ranges:
[    0.000000]   DMA      [mem 0x0000000000001000-0x0000000000ffffff]
[    0.000000]   DMA32    [mem 0x0000000001000000-0x000000001ffeffff]
[    0.000000]   Normal   empty
[    0.000000]   Device   empty
[    0.000000] Movable zone start for each node
[    0.000000] Early memory node ranges
[    0.000000]   node   0: [mem 0x0000000000001000-0x000000000009efff]
[    0.000000]   node   0: [mem 0x0000000000100000-0x000000001ffeffff]
[    0.000000] Initmem setup node 0 [mem 0x0000000000001000-0x000000001ffeffff]
[    0.000000] ACPI: PM-Timer IO Port: 0x4008
[    0.000000] IOAPIC[0]: apic_id 2, version 32, address 0xfec00000, GSI 0-23
[    0.000000] ACPI: INT_SRC_OVR (bus 0 bus_irq 0 global_irq 2 dfl dfl)
[    0.000000] ACPI: INT_SRC_OVR (bus 0 bus_irq 9 global_irq 9 low level)
[    0.000000] Using ACPI (MADT) for SMP configuration information
[    0.000000] smpboot: Allowing 2 CPUs, 0 hotplug CPUs
[    0.000000] PM: Registered nosave memory: [mem 0x00000000-0x00000fff]
[    0.000000] PM: Registered nosave memory: [mem 0x0009f000-0x0009ffff]
[    0.000000] PM: Registered nosave memory: [mem 0x000a0000-0x000effff]
[    0.000000] PM: Registered nosave memory: [mem 0x000f0000-0x000fffff]
[    0.000000] e820: [mem 0x20000000-0xfebfffff] available for PCI devices
[    0.000000] Booting paravirtualized kernel on KVM
[    0.000000] clocksource: refined-jiffies: mask: 0xffffffff max_cycles: 0xffffffff, max_idle_ns: 7645519600211568 ns
[    0.000000] setup_percpu: NR_CPUS:512 nr_cpumask_bits:512 nr_cpu_ids:2 nr_node_ids:1
[    0.000000] PERCPU: Embedded 33 pages/cpu @ffff88001fc00000 s95512 r8192 d31464 u1048576
[    0.000000] Built 1 zonelists in Node order, mobility grouping on.  Total pages: 128888
[    0.000000] Policy zone: DMA32
[    0.000000] Kernel command line: BOOT_IMAGE=/boot/vmlinuz-4.4.0-193-generic root=LABEL=cloudimg-rootfs ro console=tty1 console=ttyS0
[    0.000000] PID hash table entries: 2048 (order: 2, 16384 bytes)
[    0.000000] Memory: 481580K/523832K available (8640K kernel code, 1337K rwdata, 4040K rodata, 1492K init, 1296K bss, 42252K reserved, 0K cma-reserved)
[    0.000000] SLUB: HWalign=64, Order=0-3, MinObjects=0, CPUs=2, Nodes=1
[    0.000000] Kernel/User page tables isolation: enabled
[    0.000000] Hierarchical RCU implementation.
[    0.000000] 	Build-time adjustment of leaf fanout to 64.
[    0.000000] 	RCU restricting CPUs from NR_CPUS=512 to nr_cpu_ids=2.
[    0.000000] RCU: Adjusting geometry for rcu_fanout_leaf=64, nr_cpu_ids=2
[    0.000000] NR_IRQS:33024 nr_irqs:440 16
[    0.000000] Console: colour VGA+ 80x25
[    0.000000] console [tty1] enabled
[    0.000000] console [ttyS0] enabled
[    0.000000] tsc: Detected 1799.995 MHz processor
[    0.153098] Calibrating delay loop (skipped) preset value.. 3599.99 BogoMIPS (lpj=7199980)
[    0.154709] pid_max: default: 32768 minimum: 301
[    0.155920] ACPI: Core revision 20150930
[    0.158563] ACPI: 2 ACPI AML tables successfully acquired and loaded
[    0.160281] Security Framework initialized
[    0.161831] Yama: becoming mindful.
[    0.162553] AppArmor: AppArmor initialized
[    0.163650] Dentry cache hash table entries: 65536 (order: 7, 524288 bytes)
[    0.165179] Inode-cache hash table entries: 32768 (order: 6, 262144 bytes)
[    0.166664] Mount-cache hash table entries: 1024 (order: 1, 8192 bytes)
[    0.167963] Mountpoint-cache hash table entries: 1024 (order: 1, 8192 bytes)
[    0.169242] Initializing cgroup subsys io
[    0.169948] Initializing cgroup subsys memory
[    0.170697] Initializing cgroup subsys devices
[    0.171449] Initializing cgroup subsys freezer
[    0.172204] Initializing cgroup subsys net_cls
[    0.173015] Initializing cgroup subsys perf_event
[    0.173824] Initializing cgroup subsys net_prio
[    0.174634] Initializing cgroup subsys hugetlb
[    0.175368] Initializing cgroup subsys pids
[    0.194108] mce: CPU supports 0 MCE banks
[    0.195752] Last level iTLB entries: 4KB 64, 2MB 8, 4MB 8
[    0.196952] Last level dTLB entries: 4KB 64, 2MB 0, 4MB 0, 1GB 4
[    0.198069] Spectre V1 : Mitigation: usercopy/swapgs barriers and __user pointer sanitization
[    0.199607] Spectre V2 : Mitigation: Full generic retpoline
[    0.200607] Spectre V2 : Spectre v2 / SpectreRSB mitigation: Filling RSB on context switch
[    0.202018] Speculative Store Bypass: Vulnerable
[    0.202806] SRBDS: Unknown: Dependent on hypervisor status
[    0.203924] MDS: Mitigation: Clear CPU buffers
[    0.207229] Freeing SMP alternatives memory: 36K
[    0.214601] ftrace: allocating 32346 entries in 127 pages
[    0.275931] smpboot: APIC(0) Converting physical 0 to logical package 0
[    0.277701] smpboot: Max logical packages: 1
[    0.279106] x2apic enabled
[    0.279934] Switched APIC routing to physical x2apic.
[    0.281841] ..TIMER: vector=0x30 apic1=0 pin1=2 apic2=-1 pin2=-1
[    0.392883] smpboot: CPU0: Intel(R) Core(TM) i5-8250U CPU @ 1.60GHz (family: 0x6, model: 0x8e, stepping: 0xa)
[    0.395084] Performance Events: unsupported p6 CPU model 142 no PMU driver, software events only.
[    0.407868] KVM setup paravirtual spinlock
[    0.409795] x86: Booting SMP configuration:
[    0.411111] .... node  #0, CPUs:      #1
[    0.412129] kvm-clock: cpu 1, msr 0:1ffe3041, secondary cpu clock
[    0.429774] mce: CPU supports 0 MCE banks
[    0.432411] x86: Booted up 1 node, 2 CPUs
[    0.434206] smpboot: Total of 2 processors activated (7199.98 BogoMIPS)
[    0.436898] devtmpfs: initialized
[    0.439520] evm: security.selinux
[    0.440206] evm: security.SMACK64
[    0.440894] evm: security.SMACK64EXEC
[    0.441603] evm: security.SMACK64TRANSMUTE
[    0.442351] evm: security.SMACK64MMAP
[    0.443314] evm: security.ima
[    0.445457] evm: security.capability
[    0.446439] clocksource: jiffies: mask: 0xffffffff max_cycles: 0xffffffff, max_idle_ns: 7645041785100000 ns
[    0.448234] futex hash table entries: 512 (order: 3, 32768 bytes)
[    0.449463] pinctrl core: initialized pinctrl subsystem
[    0.450498] RTC time:  9:57:31, date: 10/25/20
[    0.451722] NET: Registered protocol family 16
[    0.460823] cpuidle: using governor ladder
[    0.472792] cpuidle: using governor menu
[    0.473632] PCCT header not found.
[    0.474758] ACPI: bus type PCI registered
[    0.475790] acpiphp: ACPI Hot Plug PCI Controller Driver version: 0.5
[    0.477385] PCI: Using configuration type 1 for base access
[    0.489243] ACPI: Added _OSI(Module Device)
[    0.490198] ACPI: Added _OSI(Processor Device)
[    0.491147] ACPI: Added _OSI(3.0 _SCP Extensions)
[    0.492164] ACPI: Added _OSI(Processor Aggregator Device)
[    0.494309] ACPI: Executed 1 blocks of module-level executable AML code
[    0.500420] ACPI: Interpreter enabled
[    0.501334] ACPI: (supports S0 S5)
[    0.502287] ACPI: Using IOAPIC for interrupt routing
[    0.506067] PCI: Using host bridge windows from ACPI; if necessary, use "pci=nocrs" and report a bug
[    0.511839] ACPI: PCI Root Bridge [PCI0] (domain 0000 [bus 00-ff])
[    0.513097] acpi PNP0A03:00: _OSC: OS supports [ASPM ClockPM Segments MSI]
[    0.514755] acpi PNP0A03:00: _OSC: not requesting OS control; OS requires [ExtendedConfig ASPM ClockPM MSI]
[    0.516871] acpi PNP0A03:00: fail to add MMCONFIG information, can't access extended PCI configuration space under this bridge.
[    0.521161] PCI host bridge to bus 0000:00
[    0.522166] pci_bus 0000:00: root bus resource [io  0x0000-0x0cf7 window]
[    0.523379] pci_bus 0000:00: root bus resource [io  0x0d00-0xffff window]
[    0.524572] pci_bus 0000:00: root bus resource [mem 0x000a0000-0x000bffff window]
[    0.526022] pci_bus 0000:00: root bus resource [mem 0x20000000-0xfdffffff window]
[    0.527816] pci_bus 0000:00: root bus resource [bus 00-ff]
[    0.530484] pci 0000:00:01.1: legacy IDE quirk: reg 0x10: [io  0x01f0-0x01f7]
[    0.531626] pci 0000:00:01.1: legacy IDE quirk: reg 0x14: [io  0x03f6]
[    0.532688] pci 0000:00:01.1: legacy IDE quirk: reg 0x18: [io  0x0170-0x0177]
[    0.546134] pci 0000:00:01.1: legacy IDE quirk: reg 0x1c: [io  0x0376]
[    0.559963] pci 0000:00:07.0: quirk: [io  0x4000-0x403f] claimed by PIIX4 ACPI
[    0.561993] pci 0000:00:07.0: quirk: [io  0x4100-0x410f] claimed by PIIX4 SMB
[    0.571969] ACPI: PCI Interrupt Link [LNKA] (IRQs 5 9 10 *11)
[    0.573749] ACPI: PCI Interrupt Link [LNKB] (IRQs 5 9 *10 11)
[    0.575277] ACPI: PCI Interrupt Link [LNKC] (IRQs 5 *9 10 11)
[    0.577024] ACPI: PCI Interrupt Link [LNKD] (IRQs 5 9 10 *11)
[    0.578687] ACPI: Enabled 2 GPEs in block 00 to 07
[    0.579963] vgaarb: setting as boot device: PCI:0000:00:02.0
[    0.580967] vgaarb: device added: PCI:0000:00:02.0,decodes=io+mem,owns=io+mem,locks=none
[    0.584031] vgaarb: loaded
[    0.584915] vgaarb: bridge control possible 0000:00:02.0
[    0.586074] SCSI subsystem initialized
[    0.586916] ACPI: bus type USB registered
[    0.587696] usbcore: registered new interface driver usbfs
[    0.588625] usbcore: registered new interface driver hub
[    0.589519] usbcore: registered new device driver usb
[    0.590591] PCI: Using ACPI for IRQ routing
[    0.591743] NetLabel: Initializing
[    0.592466] NetLabel:  domain hash size = 128
[    0.594201] NetLabel:  protocols = UNLABELED CIPSOv4
[    0.595325] NetLabel:  unlabeled traffic allowed by default
[    0.596829] amd_nb: Cannot enumerate AMD northbridges
[    0.598004] clocksource: Switched to clocksource kvm-clock
[    0.604785] AppArmor: AppArmor Filesystem Enabled
[    0.605719] pnp: PnP ACPI init
[    0.607170] pnp: PnP ACPI: found 3 devices
[    0.620136] clocksource: acpi_pm: mask: 0xffffff max_cycles: 0xffffff, max_idle_ns: 2085701024 ns
[    0.622365] NET: Registered protocol family 2
[    0.623756] TCP established hash table entries: 4096 (order: 3, 32768 bytes)
[    0.626040] TCP bind hash table entries: 4096 (order: 4, 65536 bytes)
[    0.627487] TCP: Hash tables configured (established 4096 bind 4096)
[    0.628625] UDP hash table entries: 256 (order: 1, 8192 bytes)
[    0.629584] UDP-Lite hash table entries: 256 (order: 1, 8192 bytes)
[    0.630701] NET: Registered protocol family 1
[    0.631539] pci 0000:00:00.0: Limiting direct PCI/PCI transfers
[    0.632500] pci 0000:00:01.0: Activating ISA DMA hang workarounds
[    0.634241] Unpacking initramfs...
[    0.881984] Freeing initrd memory: 14884K
[    0.882996] clocksource: tsc: mask: 0xffffffffffffffff max_cycles: 0x19f224e3c43, max_idle_ns: 440795212657 ns
[    0.884976] platform rtc_cmos: registered platform RTC device (no PNP device found)
[    0.887943] Scanning for low memory corruption every 60 seconds
[    0.889839] audit: initializing netlink subsys (disabled)
[    0.890868] audit: type=2000 audit(1603619856.803:1): initialized
[    0.892279] Initialise system trusted keyring
[    0.893663] HugeTLB registered 2 MB page size, pre-allocated 0 pages
[    0.896956] zbud: loaded
[    0.898542] VFS: Disk quotas dquot_6.6.0
[    0.899587] VFS: Dquot-cache hash table entries: 512 (order 0, 4096 bytes)
[    0.901024] squashfs: version 4.0 (2009/01/31) Phillip Lougher
[    0.902378] fuse init (API version 7.23)
[    0.903273] Key type big_key registered
[    0.904083] Allocating IMA MOK and blacklist keyrings.
[    0.906064] Key type asymmetric registered
[    0.906828] Asymmetric key parser 'x509' registered
[    0.907689] Block layer SCSI generic (bsg) driver version 0.4 loaded (major 249)
[    0.909074] io scheduler noop registered
[    0.909803] io scheduler deadline registered (default)
[    0.910902] io scheduler cfq registered
[    0.911728] pci_hotplug: PCI Hot Plug PCI Core version: 0.5
[    0.912675] pciehp: PCI Express Hot Plug Controller Driver version: 0.4
[    0.914108] ACPI: AC Adapter [AC] (on-line)
[    0.915024] input: Power Button as /devices/LNXSYSTM:00/LNXPWRBN:00/input/input0
[    0.916534] ACPI: Power Button [PWRF]
[    0.917411] input: Sleep Button as /devices/LNXSYSTM:00/LNXSLPBN:00/input/input1
[    0.918975] ACPI: Sleep Button [SLPF]
[    0.921134] ACPI: Battery Slot [BAT0] (battery present)
[    0.922579] GHES: HEST is not enabled!
[    0.923715] Serial: 8250/16550 driver, 32 ports, IRQ sharing enabled
[    0.946083] 00:02: ttyS0 at I/O 0x3f8 (irq = 4, base_baud = 115200) is a 16550A
[    0.949585] Linux agpgart interface v0.103
[    0.953789] loop: module loaded
[    0.955448] scsi host0: ata_piix
[    0.956654] scsi host1: ata_piix
[    0.957500] ata1: PATA max UDMA/33 cmd 0x1f0 ctl 0x3f6 bmdma 0xd000 irq 14
[    0.959026] ata2: PATA max UDMA/33 cmd 0x170 ctl 0x376 bmdma 0xd008 irq 15
[    0.960986] libphy: Fixed MDIO Bus: probed
[    0.961846] tun: Universal TUN/TAP device driver, 1.6
[    0.962947] tun: (C) 1999-2004 Max Krasnyansky <maxk@qualcomm.com>
[    0.964276] PPP generic driver version 2.4.2
[    0.965306] ehci_hcd: USB 2.0 'Enhanced' Host Controller (EHCI) Driver
[    0.966752] ehci-pci: EHCI PCI platform driver
[    0.967775] ehci-platform: EHCI generic platform driver
[    0.968920] ohci_hcd: USB 1.1 'Open' Host Controller (OHCI) Driver
[    0.970213] ohci-pci: OHCI PCI platform driver
[    0.971228] ohci-platform: OHCI generic platform driver
[    0.972290] uhci_hcd: USB Universal Host Controller Interface driver
[    0.973623] i8042: PNP: PS/2 Controller [PNP0303:PS2K,PNP0f03:PS2M] at 0x60,0x64 irq 1,12
[    0.975783] serio: i8042 KBD port at 0x60,0x64 irq 1
[    0.976712] serio: i8042 AUX port at 0x60,0x64 irq 12
[    0.977720] mousedev: PS/2 mouse device common for all mice
[    0.979266] rtc_cmos rtc_cmos: rtc core: registered rtc_cmos as rtc0
[    0.980381] rtc_cmos rtc_cmos: alarms up to one day, 114 bytes nvram
[    0.981492] input: AT Translated Set 2 keyboard as /devices/platform/i8042/serio0/input/input2
[    0.983127] i2c /dev entries driver
[    0.983870] device-mapper: uevent: version 1.0.3
[    0.984836] device-mapper: ioctl: 4.34.0-ioctl (2015-10-28) initialised: dm-devel@redhat.com
[    0.986339] ledtrig-cpu: registered to indicate activity on CPUs
[    0.988129] NET: Registered protocol family 10
[    0.989502] NET: Registered protocol family 17
[    0.990711] Key type dns_resolver registered
[    0.992345] registered taskstats version 1
[    0.993959] Loading compiled-in X.509 certificates
[    0.996247] Loaded X.509 cert 'Build time autogenerated kernel key: 399ad61e9457a71f6b31060684c17f14836880c9'
[    0.998708] zswap: loaded using pool lzo/zbud
[    1.002255] Key type trusted registered
[    1.007751] Key type encrypted registered
[    1.008874] AppArmor: AppArmor sha1 policy hashing enabled
[    1.010184] ima: No TPM chip found, activating TPM-bypass!
[    1.011563] ima: Allocated hash algorithm: sha1
[    1.012692] evm: HMAC attrs: 0x1
[    1.014908]   Magic number: 8:300:981
[    1.016018] rtc_cmos rtc_cmos: setting system clock to 2020-10-25 09:57:32 UTC (1603619852)
[    1.018451] BIOS EDD facility v0.16 2004-Jun-25, 0 devices found
[    1.020079] EDD information not available.
[    1.597428] Freeing unused kernel memory: 1492K
[    1.598498] Write protecting the kernel read-only data: 14336k
[    1.599928] Freeing unused kernel memory: 1588K
[    1.600889] Freeing unused kernel memory: 56K
Loading, please wait...
starting version 229
[    1.618162] random: systemd-udevd: uninitialized urandom read (16 bytes read, 3 bits of entropy available)
[    1.619501] random: udevadm: uninitialized urandom read (16 bytes read, 3 bits of entropy available)
[    1.619532] random: udevadm: uninitialized urandom read (16 bytes read, 3 bits of entropy available)
[    1.625356] random: systemd-udevd: uninitialized urandom read (16 bytes read, 3 bits of entropy available)
[    1.627621] random: systemd-udevd: uninitialized urandom read (16 bytes read, 3 bits of entropy available)
[    1.629164] random: udevadm: uninitialized urandom read (16 bytes read, 3 bits of entropy available)
[    1.629241] random: udevadm: uninitialized urandom read (16 bytes read, 3 bits of entropy available)
[    1.629462] random: udevadm: uninitialized urandom read (16 bytes read, 3 bits of entropy available)
[    1.629553] random: udevadm: uninitialized urandom read (16 bytes read, 3 bits of entropy available)
[    1.629640] random: udevadm: uninitialized urandom read (16 bytes read, 3 bits of entropy available)
[    1.708621] e1000: Intel(R) PRO/1000 Network Driver - version 7.3.21-k8-NAPI
[    1.710476] e1000: Copyright (c) 1999-2006 Intel Corporation.
[    1.723471] Fusion MPT base driver 3.04.20
[    1.724279] Copyright (c) 1999-2008 LSI Corporation
[    1.730265] Fusion MPT SPI Host driver 3.04.20
[    1.740085] AVX2 version of gcm_enc/dec engaged.
[    1.740993] AES CTR mode by8 optimization enabled
[    1.923511] input: ImExPS/2 Generic Explorer Mouse as /devices/platform/i8042/serio1/input/input4
[    2.105498] e1000 0000:00:03.0 eth0: (PCI:33MHz:32-bit) 02:e9:98:4f:cb:36
[    2.106643] e1000 0000:00:03.0 eth0: Intel(R) PRO/1000 Network Connection
[    2.466683] e1000 0000:00:08.0 eth1: (PCI:33MHz:32-bit) 08:00:27:9a:6c:a7
[    2.468006] e1000 0000:00:08.0 eth1: Intel(R) PRO/1000 Network Connection
[    2.470873] e1000 0000:00:03.0 enp0s3: renamed from eth0
[    2.472414] mptbase: ioc0: Initiating bringup
[    2.571573] e1000 0000:00:08.0 enp0s8: renamed from eth1
[    2.881248] ioc0: LSI53C1030 A0: Capabilities={Initiator}
[    4.867646] scsi host2: ioc0: LSI53C1030 A0, FwRev=00000000h, Ports=1, MaxQ=256, IRQ=20
[    6.881317] scsi 2:0:0:0: Direct-Access     VBOX     HARDDISK         1.0  PQ: 0 ANSI: 5
[    6.883942] scsi target2:0:0: Beginning Domain Validation
[    6.887293] scsi target2:0:0: Domain Validation skipping write tests
[    6.889073] scsi target2:0:0: Ending Domain Validation
[    6.890858] scsi target2:0:0: asynchronous
[    6.892717] scsi 2:0:1:0: Direct-Access     VBOX     HARDDISK         1.0  PQ: 0 ANSI: 5
[    6.911789] scsi target2:0:1: Beginning Domain Validation
[    6.913773] scsi target2:0:1: Domain Validation skipping write tests
[    6.915010] scsi target2:0:1: Ending Domain Validation
[    6.916112] scsi target2:0:1: asynchronous
[    6.921973] sd 2:0:0:0: [sda] 20971520 512-byte logical blocks: (10.7 GB/10.0 GiB)
[    6.922408] sd 2:0:0:0: Attached scsi generic sg0 type 0
[    6.922742] sd 2:0:1:0: [sdb] 20480 512-byte logical blocks: (10.5 MB/10.0 MiB)
[    6.922770] sd 2:0:1:0: Attached scsi generic sg1 type 0
[    6.923739] sd 2:0:1:0: [sdb] Write Protect is off
[    6.923839] sd 2:0:1:0: [sdb] Incomplete mode parameter data
[    6.923841] sd 2:0:1:0: [sdb] Assuming drive cache: write through
[    6.926322] sd 2:0:1:0: [sdb] Attached SCSI disk
[    6.933503] sd 2:0:0:0: [sda] Write Protect is off
[    6.934951] sd 2:0:0:0: [sda] Incomplete mode parameter data
[    6.936203] sd 2:0:0:0: [sda] Assuming drive cache: write through
[    6.938914]  sda: sda1
[    6.940082] sd 2:0:0:0: [sda] Attached SCSI disk
Begin: Loading essential drivers ... [    8.297435] md: linear personality registered for level -1
[    8.300993] md: multipath personality registered for level -4
[    8.304564] md: raid0 personality registered for level 0
[    8.310828] md: raid1 personality registered for level 1
[    8.398571] raid6: sse2x1   gen()  9665 MB/s
[    8.468605] raid6: sse2x1   xor()  7292 MB/s
[    8.549812] raid6: sse2x2   gen() 15538 MB/s
[    8.618023] raid6: sse2x2   xor()  8198 MB/s
[    8.687018] raid6: sse2x4   gen() 11832 MB/s
[    8.757676] raid6: sse2x4   xor()  9497 MB/s
[    8.836334] raid6: avx2x1   gen() 17455 MB/s
[    8.908553] raid6: avx2x2   gen() 21496 MB/s
[    8.974827] raid6: avx2x4   gen() 18668 MB/s
[    8.975892] raid6: using algorithm avx2x2 gen() 21496 MB/s
[    8.977211] raid6: using avx2x2 recovery algorithm
[    8.980232] xor: automatically using best checksumming function:
[    9.026074]    avx       : 17794.000 MB/sec
[    9.029012] async_tx: api initialized (async)
[    9.040753] md: raid6 personality registered for level 6
[    9.042125] md: raid5 personality registered for level 5
[    9.043375] md: raid4 personality registered for level 4
[    9.053240] md: raid10 personality registered for level 10
done.
Begin: Running /scripts/init-premount ... done.
Begin: Mounting root file system ... Begin: Running /scripts/local-top ... done.
Begin: Running /scripts/local-premount ... [    9.091295] Btrfs loaded
Scanning for Btrfs filesystems
done.
Warning: fsck not present, so skipping root file system
[    9.124910] EXT4-fs (sda1): mounted filesystem with ordered data mode. Opts: (null)
done.
Begin: Running /scripts/local-bottom ... done.
Begin: Running /scripts/init-bottom ... done.
[    9.230903] systemd[1]: systemd 229 running in system mode. (+PAM +AUDIT +SELINUX +IMA +APPARMOR +SMACK +SYSVINIT +UTMP +LIBCRYPTSETUP +GCRYPT +GNUTLS +ACL +XZ -LZ4 +SECCOMP +BLKID +ELFUTILS +KMOD -IDN)
[    9.234870] systemd[1]: Detected virtualization oracle.
[    9.236159] systemd[1]: Detected architecture x86-64.

Welcome to [1mUbuntu 16.04.7 LTS[0m!

[    9.240682] systemd[1]: Set hostname to <ubuntu>.
[    9.244220] systemd[1]: Initializing machine ID from random generator.
[    9.246609] systemd[1]: Installed transient /etc/machine-id file.
[    9.398816] systemd[1]: Listening on /dev/initctl Compatibility Named Pipe.
[[0;32m  OK  [0m] Listening on /dev/initctl Compatibility Named Pipe.
[    9.402344] systemd[1]: Set up automount Arbitrary Executable File Formats File System Automount Point.
[[0;32m  OK  [0m] Set up automount Arbitrary Executab...ats File System Automount Point.
[    9.406852] systemd[1]: Reached target User and Group Name Lookups.
[[0;32m  OK  [0m] Reached target User and Group Name Lookups.
[    9.409978] systemd[1]: Listening on udev Control Socket.
[[0;32m  OK  [0m] Listening on udev Control Socket.
[    9.413456] systemd[1]: Listening on Syslog Socket.
[[0;32m  OK  [0m] Listening on Syslog Socket.
[    9.417728] systemd[1]: Listening on Journal Socket (/dev/log).
[[0;32m  OK  [0m] Listening on Journal Socket (/dev/log).
[    9.421127] systemd[1]: Created slice User and Session Slice.
[[0;32m  OK  [0m] Created slice User and Session Slice.
[    9.424026] systemd[1]: Listening on LVM2 poll daemon socket.
[[0;32m  OK  [0m] Listening on LVM2 poll daemon socket.
[    9.426766] systemd[1]: Reached target Encrypted Volumes.
[[0;32m  OK  [0m] Reached target Encrypted Volumes.
[    9.429426] systemd[1]: Listening on LVM2 metadata daemon socket.
[[0;32m  OK  [0m] Listening on LVM2 metadata daemon socket.
[    9.432696] systemd[1]: Listening on udev Kernel Socket.
[[0;32m  OK  [0m] Listening on udev Kernel Socket.
[    9.436082] systemd[1]: Listening on Journal Audit Socket.
[[0;32m  OK  [0m] Listening on Journal Audit Socket.
[    9.438710] systemd[1]: Started Trigger resolvconf update for networkd DNS.
[[0;32m  OK  [0m] Started Trigger resolvconf update for networkd DNS.
[    9.441918] systemd[1]: Reached target System Time Synchronized.
[[0;32m  OK  [0m] Reached target System Time Synchronized.
[    9.444961] systemd[1]: Started Forward Password Requests to Wall Directory Watch.
[[0;32m  OK  [0m] Started Forward Password Requests to Wall Directory Watch.
[    9.449114] systemd[1]: Listening on Device-mapper event daemon FIFOs.
[[0;32m  OK  [0m] Listening on Device-mapper event daemon FIFOs.
[    9.452255] systemd[1]: Listening on Journal Socket.
[[0;32m  OK  [0m] Listening on Journal Socket.
[    9.455282] systemd[1]: Created slice System Slice.
[[0;32m  OK  [0m] Created slice System Slice.
[    9.478348] systemd[1]: Starting Load Kernel Modules...
         Starting Load Kernel Modules...
[    9.481834] systemd[1]: Starting Set console keymap...
         Starting Set console keymap...
[    9.486014] systemd[1]: Starting Remount Root and Kernel File Systems...
[    9.490306] Loading iSCSI transport class v2.0-870.
         Starting Remount Root and Kernel File Systems...
[    9.492299] systemd[1]: Reached target Slices.
[[0;32m  OK  [0m] Reached target Slices.
[    9.496045] systemd[1]: Mounting POSIX Message Queue File System...
         Mounting POSIX Message Queue File System...
[    9.500637] systemd[1]: Starting Journal Service...
         Starting Journal Service...
[    9.507162] systemd[1]: Mounting Huge Pages File System...
         Mounting Huge Pages File System...
[    9.509925] EXT4-fs (sda1): re-mounted. Opts: (null)
[    9.513521] systemd[1]: Starting Uncomplicated firewall...
         Starting Uncomplicated firewall...
[    9.517839] systemd[1]: Starting Create list of required static device nodes for the current kernel...
         Starting Create list of required st... nodes for the current kernel...
[    9.532583] systemd[1]: Starting Nameserver information manager...
[    9.536901] iscsi: registered transport (tcp)
         Starting Nameserver information manager...
[    9.541590] systemd[1]: Created slice system-serial\x2dgetty.slice.
[[0;32m  OK  [0m] Created slice system-serial\x2dgetty.slice.
[    9.570677] systemd[1]: Starting Monitoring of LVM2 mirrors, snapshots etc. using dmeventd or progress polling...
         Starting Monitoring of LVM2 mirrors... dmeventd or progress polling...
[    9.579482] iscsi: registered transport (iser)
[    9.581452] systemd[1]: Mounting Debug File System...
         Mounting Debug File System...
[    9.586198] systemd[1]: Reached target Swap.
[[0;32m  OK  [0m] Reached target Swap.
[    9.603903] systemd[1]: Mounted POSIX Message Queue File System.
[[0;32m  OK  [0m] Mounted POSIX Message Queue File System.
[    9.606983] systemd[1]: Mounted Huge Pages File System.
[[0;32m  OK  [0m] Mounted Huge Pages File System.
[    9.608864] systemd[1]: Mounted Debug File System.
[[0;32m  OK  [0m] Mounted Debug File System.
[    9.610731] systemd[1]: Started Journal Service.
[[0;32m  OK  [0m] Started Journal Service.
[[0;32m  OK  [0m] Started Load Kernel Modules.
[[0;32m  OK  [0m] Started Set console keymap.
[[0;32m  OK  [0m] Started Remount Root and Kernel File Systems.
[[0;32m  OK  [0m] Started Uncomplicated firewall.
[[0;32m  OK  [0m] Started Create list of required sta...ce nodes for the current kernel.
[[0;32m  OK  [0m] Started LVM2 metadata daemon.
         Starting Create Static Device Nodes in /dev...
         Starting udev Coldplug all Devices...
         Starting Load/Save Random Seed...
         Mounting FUSE Control File System...
         Starting Apply Kernel Variables...
         Starting Flush Journal to Persistent Storage...
[[0;32m  OK  [0m] Mounted FUSE Control File System.
[[0;32m  OK  [0m] Started Nameserver information manager.
[[0;32m  OK  [0m] Started Load/Save Random Seed.
[[0;32m  OK  [0m] Started Apply Kernel Variables.
[[0;32m  OK  [0m] Started Flush Journal to Persistent Storage.
[[0;32m  OK  [0m] Started Create Static Device Nodes in /dev.
         Starting udev Kernel Device Manager...
[[0;32m  OK  [0m] Started udev Coldplug all Devices.
[[0;32m  OK  [0m] Started udev Kernel Device Manager.
[[0;32m  OK  [0m] Started Dispatch Password Requests to Console Directory Watch.
[[0;32m  OK  [0m] Started Monitoring of LVM2 mirrors,...ng dmeventd or progress polling.
[[0;32m  OK  [0m] Reached target Local File Systems (Pre).
[[0;32m  OK  [0m] Reached target Local File Systems.
         Starting Initial cloud-init job (pre-networking)...
         Starting Tell Plymouth To Write Out Runtime Data...
         Starting Create Volatile Files and Directories...
         Starting Set console font and keymap...
         Starting LSB: AppArmor initialization...
         Starting Commit a transient machine-id on disk...
[[0;32m  OK  [0m] Started Tell Plymouth To Write Out Runtime Data.
[[0;32m  OK  [0m] Started Create Volatile Files and Directories.
         Starting Update UTMP about System Boot/Shutdown...
[[0;32m  OK  [0m] Started Update UTMP about System Boot/Shutdown.
[[0;32m  OK  [0m] Started Commit a transient machine-id on disk.
[[0;32m  OK  [0m] Found device /dev/ttyS0.
[[0;32m  OK  [0m] Listening on Load/Save RF Kill Switch Status /dev/rfkill Watch.
[[0;32m  OK  [0m] Started LSB: AppArmor initialization.
         Starting Load AppArmor profiles managed internally by snapd...
[[0;32m  OK  [0m] Started Set console font and keymap.
[[0;32m  OK  [0m] Started Load AppArmor profiles managed internally by snapd.
[[0;32m  OK  [0m] Created slice system-getty.slice.
[   11.392654] cloud-init[475]: Cloud-init v. 20.3-2-g371b392c-0ubuntu1~16.04.1 running 'init-local' at Sun, 25 Oct 2020 09:57:42 +0000. Up 10.79 seconds.
[[0;32m  OK  [0m] Started Initial cloud-init job (pre-networking).
[[0;32m  OK  [0m] Reached target Network (Pre).
         Starting Raise network interfaces...
[[0;32m  OK  [0m] Started Raise network interfaces.
         Starting Initial cloud-init job (metadata service crawler)...
[[0;32m  OK  [0m] Reached target Network.
[   13.091272] cloud-init[944]: Cloud-init v. 20.3-2-g371b392c-0ubuntu1~16.04.1 running 'init' at Sun, 25 Oct 2020 09:57:43 +0000. Up 12.21 seconds.
[   13.093473] cloud-init[944]: ci-info: ++++++++++++++++++++++++++++++++++++++Net device info+++++++++++++++++++++++++++++++++++++++
[   13.095336] cloud-init[944]: ci-info: +--------+-------+----------------------------+---------------+--------+-------------------+
[   13.097271] cloud-init[944]: ci-info: | Device |   Up  |          Address           |      Mask     | Scope  |     Hw-Address    |
[   13.099230] cloud-init[944]: ci-info: +--------+-------+----------------------------+---------------+--------+-------------------+
[   13.104868] cloud-init[944]: ci-info: | enp0s3 |  True |         10.0.2.15          | 255.255.255.0 | global | 02:e9:98:4f:cb:36 |
[   13.111041] cloud-init[944]: ci-info: | enp0s3 |  True | fe80::e9:98ff:fe4f:cb36/64 |       .       |  link  | 02:e9:98:4f:cb:36 |
[   13.113369] cloud-init[944]: ci-info: | enp0s8 | False |             .              |       .       |   .    | 08:00:27:9a:6c:a7 |
[   13.117626] cloud-init[944]: ci-info: |   lo   |  True |         127.0.0.1          |   255.0.0.0   |  host  |         .         |
[   13.119953] cloud-init[944]: ci-info: |   lo   |  True |          ::1/128           |       .       |  host  |         .         |
[   13.122037] cloud-init[944]: ci-info: +--------+-------+----------------------------+---------------+--------+-------------------+
[   13.123892] cloud-init[944]: ci-info: +++++++++++++++++++++++++++Route IPv4 info++++++++++++++++++++++++++++
[   13.125709] cloud-init[944]: ci-info: +-------+-------------+----------+---------------+-----------+-------+
[   13.127378] cloud-init[944]: ci-info: | Route | Destination | Gateway  |    Genmask    | Interface | Flags |
[   13.128954] cloud-init[944]: ci-info: +-------+-------------+----------+---------------+-----------+-------+
[   13.130615] cloud-init[944]: ci-info: |   0   |   0.0.0.0   | 10.0.2.2 |    0.0.0.0    |   enp0s3  |   UG  |
[   13.132463] cloud-init[944]: ci-info: |   1   |   10.0.2.0  | 0.0.0.0  | 255.255.255.0 |   enp0s3  |   U   |
[   13.134450] cloud-init[944]: ci-info: +-------+-------------+----------+---------------+-----------+-------+
[   13.136148] cloud-init[944]: ci-info: +++++++++++++++++++Route IPv6 info+++++++++++++++++++
[   13.137835] cloud-init[944]: ci-info: +-------+-------------+---------+-----------+-------+
[   13.139255] cloud-init[944]: ci-info: | Route | Destination | Gateway | Interface | Flags |
[   13.146658] cloud-init[944]: ci-info: +-------+-------------+---------+-----------+-------+
[   13.150524] cloud-init[944]: ci-info: |   0   |  fe80::/64  |    ::   |   enp0s3  |   U   |
[   13.152494] cloud-init[944]: ci-info: |   3   |   ff00::/8  |    ::   |   enp0s3  |   U   |
[   13.154133] cloud-init[944]: ci-info: +-------+-------------+---------+-----------+-------+
[   13.155772] cloud-init[944]: Generating public/private rsa key pair.
[   13.157401] cloud-init[944]: Your identification has been saved in /etc/ssh/ssh_host_rsa_key.
[   13.159088] cloud-init[944]: Your public key has been saved in /etc/ssh/ssh_host_rsa_key.pub.
[   13.160665] cloud-init[944]: The key fingerprint is:
[   13.161776] cloud-init[944]: SHA256:Ci/3/GmYY1QWh/o2+4hRsiFT4rorrSSVEJsYLoLpqps root@ubuntu-xenial
[   13.163331] cloud-init[944]: The key's randomart image is:
[   13.172549] cloud-init[944]: +---[RSA 2048]----+
[   13.173676] cloud-init[944]: |o          .     |
[   13.174771] cloud-init[944]: |+*        o .    |
[   13.175808] cloud-init[944]: |X.    . .. o     |
[   13.176821] cloud-init[944]: |+. . . o. o      |
[   13.177837] cloud-init[944]: | .o . + S+.      |
[   13.178864] cloud-init[944]: |..   + +.=+      |
[   13.179914] cloud-init[944]: |o ..o +.o+ o     |
[   13.182185] cloud-init[944]: |.+. .+ o=ooo     |
[   13.183896] cloud-init[944]: |E..oo. .+++..    |
[   13.186146] cloud-init[944]: +----[SHA256]-----+
[   13.187674] cloud-init[944]: Generating public/private dsa key pair.
[   13.189495] cloud-init[944]: Your identification has been saved in /etc/ssh/ssh_host_dsa_key.
[   13.191280] cloud-init[944]: Your public key has been saved in /etc/ssh/ssh_host_dsa_key.pub.
[   13.193253] cloud-init[944]: The key fingerprint is:
[   13.194747] cloud-init[944]: SHA256:VKlAURzwTM0W8JcybEKc/w4zoR2GBFIuIRTGbEgv+u0 root@ubuntu-xenial
[   13.196993] cloud-init[944]: The key's randomart image is:
[   13.198643] cloud-init[944]: +---[DSA 1024]----+
[   13.204508] cloud-init[944]: |.*=.oo*B**oo     |
[   13.205802] cloud-init[944]: |..=. +.==+=  .   |
[   13.207158] cloud-init[944]: | o .. .o==* o    |
[   13.208438] cloud-init[944]: |. .  . .oo=+     |
[   13.209684] cloud-init[944]: |.       S+ +     |
[   13.219468] cloud-init[944]: | . .    . = .    |
[[   13.228557] cloud-init[944]: |  . .      =     |
[   13.228890] cloud-init[944]: |   .        .    |
[0;32m  OK  [0m[   13.229753] cloud-init[944]: |    E            |
] Started Initial cloud-init job (metadata service crawler).[   13.230193]
cloud-init[944]: +----[SHA256]-----+
[   13.230366] cloud-init[944]: Generating public/private ecdsa key pair.
[   13.231290] cloud-init[944]: Your identification has been saved in /etc/ssh/ssh_host_ecdsa_key.
[   13.235101] cloud-init[944]: Your public key has been saved in /etc/ssh/ssh_host_ecdsa_key.pub.
[   13.235312] cloud-init[944]: The key fingerprint is:
[   13.235903] cloud-init[944]: SHA256:VB/D0O0iUE92piZqb7Xo6CPWr/XMF8x/MqoN0X2Ko0A root@ubuntu-xenial
[[0;32m  OK  [0m] Reached target System Initialization.
[   13.236013] cloud-init[944]: The key's randomart image is:
[   13.240822] cloud-init[944]: +---[ECDSA 256]---+
[   13.242508] cloud-init[944]: |         .++=.o  |
[   13.242738] cloud-init[944]: |        .. =o*.  |
[   13.243262] cloud-init[944]: |        ... =.   |
[[0;32m  OK  [0m] Started ACPI Events Check.
[[0;32m  OK  [0m] Reached target Paths.
         Starting Socket activation for snappy daemon.
         Starting LXD - unix socket.
[[   13.243402] cloud-init[944]: |       . ..+...  |
[   13.256209] cloud-init[944]: |        E ..o+. .|
[   13.256557] cloud-init[944]: |       o . + o+o |
[   13.256630] cloud-init[944]: |       .. * + .o |
[   13.256705] cloud-init[944]: |      o o* B .+ o|
[   13.256783] cloud-init[944]: |     . o++=.*o o.|
[   13.257254] cloud-init[944]: +----[SHA256]-----+
[   13.257332] cloud-init[944]: Generating public/private ed25519 key pair.
[   13.257405] cloud-init[944]: Your identification has been saved in /etc/ssh/ssh_host_ed25519_key.
[   13.257481] cloud-init[944]: Your public key has been saved in /etc/ssh/ssh_host_ed25519_key.pub.
[   13.257931] cloud-init[944]: The key fingerprint is:
[0;32m  OK  [0m] Started Daily apt download activities.
[[   13.258007] cloud-init[944]: SHA256:1iUKO2stdHqKgFPGgis6FygdBgy8u0gdph5Yjoc/wbA root@ubuntu-xenial
[0;32m  OK  [0m] Listening on D-Bus System Message Bus Socket.
[   13.268155] cloud-init[944]: The key's randomart image is:
[   13.268401] cloud-init[944]: +--[ED25519 256]--+
[   13.268578] cloud-init[944]: |=                |
[   13.269256] cloud-init[944]: |.o               |
[[   13.269774] [0;32m  OK  [0mcloud-init[944]: ] | ..   .   . .    |
Listening on ACPID Listen Socket.
[   13.273385] cloud-init[944]: |oo+o   o o o     |
[   13.275171] cloud-init[944]: |+%O.. + S .      |
[   13.275617] cloud-init[944]: |E@B. . B         |
[   13.275772] cloud-init[944]: |Xo+o  = o        |
[   13.276380] cloud-init[944]: |=++. o +         |
[   13.276574] cloud-init[944]: |.o .. .          |
[   13.276676] cloud-init[944]: +----[SHA256]-----+
[[0;32m  OK  [0m] Started Daily apt upgrade and clean activities.
[[0;32m  OK  [0m] Started Daily Cleanup of Temporary Directories.
[[0;32m  OK  [0m] Started Message of the Day.
[[0;32m  OK  [0m] Reached target Timers.
[[0;32m  OK  [0m] Listening on UUID daemon activation socket.
[[0;32m  OK  [0m] Reached target Cloud-config availability.
[[0;32m  OK  [0m] Reached target Network is Online.
         Starting iSCSI initiator daemon (iscsid)...
[[0;32m  OK  [0m] Listening on Socket activation for snappy daemon.
[[0;32m  OK  [0m] Listening on LXD - unix socket.
[[0;32m  OK  [0m] Reached target Sockets.
[[0;32m  OK  [0m] Reached target Basic System.
         Starting Accounts Service...
         Starting /etc/rc.local Compatibility...
         Starting System Logging Service...
         Starting Login Service...
         Starting Pollinate to seed the pseudo random number generator...
[[0;32m  OK  [0m] Started D-Bus System Message Bus.
         Starting Virtualbox guest utils...
[[0;32m  OK  [0m] Started Regular background program processing daemon.
[[0;32m  OK  [0m] Started FUSE filesystem for LXC.
         Starting LXD - container startup/shutdown...
         Starting LSB: Record successful boot for GRUB...
[[0;32m  OK  [0m] Started Deferred execution scheduler.
         Starting LSB: MD monitoring daemon...
[[0;32m  OK  [0m] Started ACPI event daemon.
         Starting Snap Daemon...
[[0;32m  OK  [0m] Started System Logging Service.
[[0;32m  OK  [0m] Started /etc/rc.local Compatibility.
[[0;32m  OK  [0m] Started iSCSI initiator daemon (iscsid).
[[0;32m  OK  [0m] Started Login Service.
[[0;32m  OK  [0m] Started Unattended Upgrades Shutdown.
         Starting Authenticate and Authorize Users to Run Privileged Tasks...
         Starting Login to default iSCSI targets...
[[0;32m  OK  [0m] Started LSB: Record successful boot for GRUB.
[[0;32m  OK  [0m] Started LSB: MD monitoring daemon.
[[0;32m  OK  [0m] Started LXD - container startup/shutdown.
[[0;32m  OK  [0m] Started Login to default iSCSI targets.
[[0;32m  OK  [0m] Reached target Remote File Systems (Pre).
[[0;32m  OK  [0m] Reached target Remote File Systems.
         Starting LSB: daemon to balance interrupts for SMP systems...
         Starting LSB: Set the CPU Frequency Scaling governor to "ondemand"...
         Starting LSB: automatic crash report generation...
         Starting Permit User Sessions...
[[0;32m  OK  [0m] Started Permit User Sessions.
         Starting Terminate Plymouth Boot Screen...
         Starting Hold until boot process finishes up...
[[0;32m  OK  [0m] Started Hold until boot process finishes up.
[[0;32m  OK  [0m] Started Terminate Plymouth Boot Screen.
[[0;32m  OK  [0m] Started Authenticate and Authorize Users to Run Privileged Tasks.
[[0;32m  OK  [0m] Started Getty on tty1.
[[0;32m  OK  [0m] Started Serial Getty on ttyS0.
[[0;32m  OK  [0m] Reached target Login Prompts.
         Starting Set console scheme...
[[0;32m  OK  [0m] Started Accounts Service.
[[0;32m  OK  [0m] Started Set console scheme.
[[0;32m  OK  [0m] Started LSB: Set the CPU Frequency Scaling governor to "ondemand".
[[0;32m  OK  [0m] Started LSB: daemon to balance interrupts for SMP systems.
[[0;32m  OK  [0m] Started LSB: automatic crash report generation.
[[0;32m  OK  [0m] Started Virtualbox guest utils.
[[0;32m  OK  [0m] Started Snap Daemon.
         Starting Wait until snapd is fully seeded...
[[0;32m  OK  [0m] Started Pollinate to seed the pseudo random number generator.
         Starting OpenBSD Secure Shell server...
[[0;32m  OK  [0m] Started OpenBSD Secure Shell server.
[[0;32m  OK  [0m] Created slice User Slice of vagrant.
         Starting User Manager for UID 1000...
[[0;32m  OK  [0m] Started Session 1 of user vagrant.
[[0;32m  OK  [0m] Started User Manager for UID 1000.
[[0;32m  OK  [0m] Started Wait until snapd is fully seeded.
         Starting Apply the settings specified in cloud-config...
[[0;32m  OK  [0m] Reached target Multi-User System.
[[0;32m  OK  [0m] Reached target Graphical Interface.
         Starting Update UTMP about System Runlevel Changes...
[[0;32m  OK  [0m] Started Update UTMP about System Runlevel Changes.
[   16.142364] cloud-init[1404]: Generating locales (this might take a while)...
         Stopping User Manager for UID 1000...
[[0;32m  OK  [0m] Stopped User Manager for UID 1000.
[[0;32m  OK  [0m] Removed slice User Slice of vagrant.
[   17.144495] cloud-init[1404]:   en_US.UTF-8... done
[   17.146723] cloud-init[1404]: Generation complete.
[[0;32m  OK  [0m] Created slice User Slice of vagrant.
         Starting User Manager for UID 1000...
[[0;32m  OK  [0m] Started Session 2 of user vagrant.
[[0;32m  OK  [0m] Started User Manager for UID 1000.
[   17.614267] cloud-init[1404]: Cloud-init v. 20.3-2-g371b392c-0ubuntu1~16.04.1 running 'modules:config' at Sun, 25 Oct 2020 09:57:47 +0000. Up 15.98 seconds.
[[0;32m  OK  [0m] Started Apply the settings specified in cloud-config.
         Starting Execute cloud user/final scripts...
ci-info: no authorized SSH keys fingerprints found for user ubuntu.
<14>Oct 25 09:57:49 ec2:
<14>Oct 25 09:57:49 ec2: #############################################################
<14>Oct 25 09:57:49 ec2: -----BEGIN SSH HOST KEY FINGERPRINTS-----
<14>Oct 25 09:57:49 ec2: 1024 SHA256:VKlAURzwTM0W8JcybEKc/w4zoR2GBFIuIRTGbEgv+u0 root@ubuntu-xenial (DSA)
<14>Oct 25 09:57:49 ec2: 256 SHA256:VB/D0O0iUE92piZqb7Xo6CPWr/XMF8x/MqoN0X2Ko0A root@ubuntu-xenial (ECDSA)
<14>Oct 25 09:57:49 ec2: 256 SHA256:1iUKO2stdHqKgFPGgis6FygdBgy8u0gdph5Yjoc/wbA root@ubuntu-xenial (ED25519)
<14>Oct 25 09:57:49 ec2: 2048 SHA256:Ci/3/GmYY1QWh/o2+4hRsiFT4rorrSSVEJsYLoLpqps root@ubuntu-xenial (RSA)
<14>Oct 25 09:57:49 ec2: -----END SSH HOST KEY FINGERPRINTS-----
<14>Oct 25 09:57:49 ec2: #############################################################
-----BEGIN SSH HOST KEY KEYS-----
ecdsa-sha2-nistp256 AAAAE2VjZHNhLXNoYTItbmlzdHAyNTYAAAAIbmlzdHAyNTYAAABBBM8Fl46GBWlxaSeJNA5sLmJxvxlBv1htHp277AaLwL5j0lxB4MlhbZRxSDMfL1pL0nr/OR67AHcpkw8r+Mxqgko= root@ubuntu-xenial
ssh-ed25519 AAAAC3NzaC1lZDI1NTE5AAAAIIMy598RqTpIxgTbaw20B4w0mjMuCpt/5czmpuWFBugm root@ubuntu-xenial
ssh-rsa AAAAB3NzaC1yc2EAAAADAQABAAABAQC7n5OmoGZBH35j1wM0ktx59MkgVUHbK42akidIXXRce6V08PTtHAsfTwTXjZokAmTospmAY4pTkDE1qEB+F22XixhZAE6x6cg15DlLA08alNUd28REqlXwWHWTBOuM3YZ/6sKx6nhvdeyy6sVJGGe8VvZCWjWn0rjGlLK8ISorfjl+hpVQmEO8stv+7EnJvnxbIy8UsKBnLB292tj5KFA1OZ6JPZ9kdL6G24j4NvGpuigoJv+8P5a9o2S+Fze7Iu4OLp6wQi9Bvcy8td/3o8fLgznj4qBywy0X5/0KOQLv+bY84iTXVX6+sHElFoRAKVtD6mkFM9aBZNz+4EwVL31Z root@ubuntu-xenial
-----END SSH HOST KEY KEYS-----
[   18.255589] cloud-init[1599]: Cloud-init v. 20.3-2-g371b392c-0ubuntu1~16.04.1 running 'modules:final' at Sun, 25 Oct 2020 09:57:49 +0000. Up 18.06 seconds.
[   18.259072] cloud-init[1599]: ci-info: no authorized SSH keys fingerprints found for user ubuntu.
[   18.262900] cloud-init[1599]: Cloud-init v. 20.3-2-g371b392c-0ubuntu1~16.04.1 finished at Sun, 25 Oct 2020 09:57:49 +0000. Datasource DataSourceNoCloud [seed=/dev/sdb][dsmode=net].  Up 18.24 seconds
[[0;32m  OK  [0m] Started Execute cloud user/final scripts.
[[0;32m  OK  [0m] Reached target Cloud-init target.

Ubuntu 16.04.7 LTS appserver ttyS0

appserver login:
